 Downloading crates ...
  Downloaded bytes v1.10.1
  Downloaded fixedbitset v0.4.2
  Downloaded lock_api v0.4.14
  Downloaded mio v1.0.4
  Downloaded parking_lot v0.12.5
  Downloaded parking_lot_core v0.9.12
  Downloaded petgraph v0.6.5
  Downloaded scopeguard v1.2.0
  Downloaded signal-hook-registry v1.4.6
  Downloaded smallvec v1.15.1
  Downloaded socket2 v0.6.1
  Downloaded tokio v1.47.1
  Downloaded tokio-macros v2.5.0
   Compiling mission5_tut v0.1.0 (/home/runner/work/rust_study/rust_study/tutorials/Mission5_tut)
   Compiling parking_lot_core v0.9.12
   Compiling smallvec v1.15.1
   Compiling scopeguard v1.2.0
   Compiling lock_api v0.4.14
   Compiling tokio-macros v2.5.0
   Compiling socket2 v0.6.1
   Compiling mio v1.0.4
   Compiling parking_lot v0.12.5
   Compiling signal-hook-registry v1.4.6
   Compiling bytes v1.10.1
   Compiling fixedbitset v0.4.2
   Compiling mission9_tut v0.1.0 (/home/runner/work/rust_study/rust_study/tutorials/Mission9_tut)
   Compiling petgraph v0.6.5
   Compiling mission4 v0.1.0 (/home/runner/work/rust_study/rust_study/missions/Mission4)
   Compiling competitive_ring_bfs v0.1.0 (/home/runner/work/rust_study/rust_study/advanced_examples/competitive_ring_bfs)
   Compiling tokio v1.47.1
   Compiling brackets_extended v0.1.0 (/home/runner/work/rust_study/rust_study/advanced_examples/Brackets_Ext)
   Compiling competitive_linked_tree v0.1.0 (/home/runner/work/rust_study/rust_study/advanced_examples/competitive_linked_tree)
   Compiling mission3 v0.1.0 (/home/runner/work/rust_study/rust_study/missions/Mission3)
   Compiling mission2_tut v0.1.0 (/home/runner/work/rust_study/rust_study/tutorials/Mission2_tut)
   Compiling mission9 v0.1.0 (/home/runner/work/rust_study/rust_study/missions/Mission9)
   Compiling aoc_pattern_recognition v0.1.0 (/home/runner/work/rust_study/rust_study/advent_of_code/aoc_pattern_recognition)
warning: unused variable: `indexed_sequence`
   --> advent_of_code/aoc_pattern_recognition/examples/state_patterns_demo.rs:591:13
    |
591 |         let indexed_sequence: Vec<usize> = (0..sequence.len()).collect();
    |             ^^^^^^^^^^^^^^^^ help: if this is intentional, prefix it with an underscore: `_indexed_sequence`
    |
    = note: `#[warn(unused_variables)]` on by default

warning: unused variable: `start`
   --> advent_of_code/aoc_pattern_recognition/examples/state_patterns_demo.rs:594:22
    |
594 |         if let Some((start, length)) = CycleDetection::floyd_cycle_detection(0, |&i| (i + 1) % 3) {
    |                      ^^^^^ help: if this is intentional, prefix it with an underscore: `_start`

warning: `aoc_pattern_recognition` (example "state_patterns_demo" test) generated 2 warnings
   Compiling mission7_tut v0.1.0 (/home/runner/work/rust_study/rust_study/tutorials/Mission7_tut)
   Compiling rust_learning_week5_error_handling v0.1.0 (/home/runner/work/rust_study/rust_study/daily_study/rust_learning_week5_notes)
warning: value assigned to `line_number` is never read
   --> daily_study/rust_learning_week5_notes/Day35.rs:143:17
    |
143 |         let mut line_number = 1;
    |                 ^^^^^^^^^^^
    |
    = help: maybe it is overwritten before being read?
    = note: `#[warn(unused_assignments)]` on by default

warning: unused variable: `prev_index`
   --> daily_study/rust_learning_week5_notes/Day35.rs:222:25
    |
222 |             if let Some(prev_index) = seen.get(header) {
    |                         ^^^^^^^^^^ help: if this is intentional, prefix it with an underscore: `_prev_index`
    |
    = note: `#[warn(unused_variables)]` on by default

warning: unused variable: `warnings`
   --> daily_study/rust_learning_week5_notes/Day35.rs:209:41
    |
209 |     fn parse_headers(&self, line: &str, warnings: &mut Vec<ParseWarning>, errors: &mut Vec<ParseError>) -> Result<Vec<String>, ParseError> {
    |                                         ^^^^^^^^ help: if this is intentional, prefix it with an underscore: `_warnings`

warning: unused variable: `line_number`
   --> daily_study/rust_learning_week5_notes/Day35.rs:417:51
    |
417 |     fn parse_config_value(&self, value_str: &str, line_number: usize) -> Result<ConfigValue, ParseError> {
    |                                                   ^^^^^^^^^^^ help: if this is intentional, prefix it with an underscore: `_line_number`

warning: field `config` is never read
   --> daily_study/rust_learning_week5_notes/Day35.rs:493:5
    |
492 | pub struct MultiFormatParser {
    |            ----------------- field in this struct
493 |     config: ParserConfig,
    |     ^^^^^^
    |
    = note: `#[warn(dead_code)]` on by default

warning: `rust_learning_week5_error_handling` (example "day35_standalone" test) generated 5 warnings
warning: variant `Network` is never constructed
  --> daily_study/rust_learning_week5_notes/Day30.rs:46:5
   |
45 | enum WebError {
   |      -------- variant in this enum
46 |     Network(String),
   |     ^^^^^^^
   |
   = note: `WebError` has a derived impl for the trait `Debug`, but this is intentionally ignored during dead code analysis
   = note: `#[warn(dead_code)]` on by default

warning: variants `Connection` and `Transaction` are never constructed
  --> daily_study/rust_learning_week5_notes/Day30.rs:68:5
   |
67 | enum DatabaseError {
   |      ------------- variants in this enum
68 |     Connection(String),
   |     ^^^^^^^^^^
69 |     Query(String),
70 |     Transaction(String),
   |     ^^^^^^^^^^^
   |
   = note: `DatabaseError` has a derived impl for the trait `Debug`, but this is intentionally ignored during dead code analysis

warning: field `port` is never read
  --> daily_study/rust_learning_week5_notes/Day30.rs:90:5
   |
89 | struct Config {
   |        ------ field in this struct
90 |     port: u16,
   |     ^^^^
   |
   = note: `Config` has a derived impl for the trait `Debug`, but this is intentionally ignored during dead code analysis

warning: fields `id` and `name` are never read
  --> daily_study/rust_learning_week5_notes/Day30.rs:95:5
   |
94 | struct UserData {
   |        -------- fields in this struct
95 |     id: u32,
   |     ^^
96 |     name: String,
   |     ^^^^
   |
   = note: `UserData` has a derived impl for the trait `Debug`, but this is intentionally ignored during dead code analysis

warning: fields `user_data` and `preferences` are never read
   --> daily_study/rust_learning_week5_notes/Day30.rs:101:5
    |
100 | struct UserProfile {
    |        ----------- fields in this struct
101 |     user_data: UserData,
    |     ^^^^^^^^^
102 |     preferences: HashMap<String, String>,
    |     ^^^^^^^^^^^
    |
    = note: `UserProfile` has a derived impl for the trait `Debug`, but this is intentionally ignored during dead code analysis

warning: fields `path` and `content` are never read
   --> daily_study/rust_learning_week5_notes/Day30.rs:107:5
    |
106 | struct ProcessedFile {
    |        ------------- fields in this struct
107 |     path: String,
    |     ^^^^
108 |     content: String,
    |     ^^^^^^^
    |
    = note: `ProcessedFile` has a derived impl for the trait `Debug`, but this is intentionally ignored during dead code analysis

warning: field `rows_affected` is never read
   --> daily_study/rust_learning_week5_notes/Day30.rs:113:5
    |
112 | struct QueryResult {
    |        ----------- field in this struct
113 |     rows_affected: usize,
    |     ^^^^^^^^^^^^^
    |
    = note: `QueryResult` has a derived impl for the trait `Debug`, but this is intentionally ignored during dead code analysis

warning: `rust_learning_week5_error_handling` (example "day30_standalone" test) generated 7 warnings
warning: variants `NotFound` and `PermissionDenied` are never constructed
  --> daily_study/rust_learning_week5_notes/Day29.rs:28:5
   |
27 | enum FileOperationError {
   |      ------------------ variants in this enum
28 |     NotFound { path: String },
   |     ^^^^^^^^
29 |     PermissionDenied { path: String },
   |     ^^^^^^^^^^^^^^^^
   |
   = note: `FileOperationError` has a derived impl for the trait `Debug`, but this is intentionally ignored during dead code analysis
   = note: `#[warn(dead_code)]` on by default

warning: enum `FfiError` is never used
  --> daily_study/rust_learning_week5_notes/Day33.rs:11:6
   |
11 | enum FfiError {
   |      ^^^^^^^^
   |
   = note: `#[warn(dead_code)]` on by default

warning: field `0` is never read
  --> daily_study/rust_learning_week5_notes/Day33.rs:25:13
   |
25 |     Success(ProcessedData),
   |     ------- ^^^^^^^^^^^^^
   |     |
   |     field in this variant
   |
   = note: `ProcessResult` has a derived impl for the trait `Debug`, but this is intentionally ignored during dead code analysis
help: consider changing the field to be of unit type to suppress this warning while preserving the field numbering, or remove the field
   |
25 -     Success(ProcessedData),
25 +     Success(()),
   |

warning: field `0` is never read
  --> daily_study/rust_learning_week5_notes/Day33.rs:26:14
   |
26 |     Fallback(ProcessedData),
   |     -------- ^^^^^^^^^^^^^
   |     |
   |     field in this variant
   |
   = note: `ProcessResult` has a derived impl for the trait `Debug`, but this is intentionally ignored during dead code analysis
help: consider changing the field to be of unit type to suppress this warning while preserving the field numbering, or remove the field
   |
26 -     Fallback(ProcessedData),
26 +     Fallback(()),
   |

warning: fields `content` and `metadata` are never read
  --> daily_study/rust_learning_week5_notes/Day33.rs:31:5
   |
30 | struct ProcessedData {
   |        ------------- fields in this struct
31 |     content: String,
   |     ^^^^^^^
32 |     metadata: String,
   |     ^^^^^^^^
   |
   = note: `ProcessedData` has a derived impl for the trait `Debug`, but this is intentionally ignored during dead code analysis

warning: field `method` is never read
  --> daily_study/rust_learning_week5_notes/Day33.rs:38:5
   |
36 | struct Request {
   |        ------- field in this struct
37 |     path: String,
38 |     method: String,
   |     ^^^^^^
   |
   = note: `Request` has a derived impl for the trait `Debug`, but this is intentionally ignored during dead code analysis

warning: fields `status` and `body` are never read
  --> daily_study/rust_learning_week5_notes/Day33.rs:43:5
   |
42 | struct Response {
   |        -------- fields in this struct
43 |     status: u16,
   |     ^^^^^^
44 |     body: String,
   |     ^^^^
   |
   = note: `Response` has a derived impl for the trait `Debug`, but this is intentionally ignored during dead code analysis

warning: fields `index`, `item`, and `processed` are never read
  --> daily_study/rust_learning_week5_notes/Day33.rs:50:9
   |
49 |     Success {
   |     ------- fields in this variant
50 |         index: usize,
   |         ^^^^^
51 |         item: String,
   |         ^^^^
52 |         processed: ProcessedItem,
   |         ^^^^^^^^^
   |
   = note: `BatchResult` has a derived impl for the trait `Debug`, but this is intentionally ignored during dead code analysis

warning: fields `index` and `item` are never read
  --> daily_study/rust_learning_week5_notes/Day33.rs:55:9
   |
54 |     Panic {
   |     ----- fields in this variant
55 |         index: usize,
   |         ^^^^^
56 |         item: String,
   |         ^^^^
   |
   = note: `BatchResult` has a derived impl for the trait `Debug`, but this is intentionally ignored during dead code analysis

warning: fields `original`, `processed`, and `status` are never read
  --> daily_study/rust_learning_week5_notes/Day33.rs:62:5
   |
61 | struct ProcessedItem {
   |        ------------- fields in this struct
62 |     original: String,
   |     ^^^^^^^^
63 |     processed: String,
   |     ^^^^^^^^^
64 |     status: String,
   |     ^^^^^^
   |
   = note: `ProcessedItem` has a derived impl for the trait `Debug`, but this is intentionally ignored during dead code analysis

warning: fields `total`, `success_count`, `panic_count`, and `errors` are never read
  --> daily_study/rust_learning_week5_notes/Day33.rs:69:5
   |
68 | struct BatchSummary {
   |        ------------ fields in this struct
69 |     total: usize,
   |     ^^^^^
70 |     success_count: usize,
   |     ^^^^^^^^^^^^^
71 |     panic_count: usize,
   |     ^^^^^^^^^^^
72 |     errors: Vec<String>,
   |     ^^^^^^
   |
   = note: `BatchSummary` has a derived impl for the trait `Debug`, but this is intentionally ignored during dead code analysis

warning: function `setup_panic_hook` is never used
   --> daily_study/rust_learning_week5_notes/Day33.rs:119:4
    |
119 | fn setup_panic_hook() {
    |    ^^^^^^^^^^^^^^^^

warning: function `safe_ffi_operation` is never used
   --> daily_study/rust_learning_week5_notes/Day33.rs:151:4
    |
151 | fn safe_ffi_operation<F, R>(operation: F) -> Result<R, FfiError>
    |    ^^^^^^^^^^^^^^^^^^

warning: `rust_learning_week5_error_handling` (example "day29_standalone" test) generated 1 warning
warning: `rust_learning_week5_error_handling` (example "day33_standalone" test) generated 12 warnings
warning: trait `Context` is never used
  --> daily_study/rust_learning_week5_notes/Day31.rs:15:7
   |
15 | trait Context<T, E> {
   |       ^^^^^^^
   |
   = note: `#[warn(dead_code)]` on by default

warning: variant `FileNotFound` is never constructed
  --> daily_study/rust_learning_week5_notes/Day31.rs:75:5
   |
74 | enum ConfigError {
   |      ----------- variant in this enum
75 |     FileNotFound { path: String },
   |     ^^^^^^^^^^^^
   |
   = note: `ConfigError` has a derived impl for the trait `Debug`, but this is intentionally ignored during dead code analysis

warning: variant `QueryTimeout` is never constructed
   --> daily_study/rust_learning_week5_notes/Day31.rs:112:5
    |
110 | enum DatabaseError {
    |      ------------- variant in this enum
111 |     ConnectionFailed,
112 |     QueryTimeout,
    |     ^^^^^^^^^^^^
    |
    = note: `DatabaseError` has a derived impl for the trait `Debug`, but this is intentionally ignored during dead code analysis

warning: variants `Auth` and `RateLimited` are never constructed
   --> daily_study/rust_learning_week5_notes/Day31.rs:130:5
    |
127 | enum WebError {
    |      -------- variants in this enum
...
130 |     Auth { reason: String },
    |     ^^^^
131 |     RateLimited,
    |     ^^^^^^^^^^^
    |
    = note: `WebError` has a derived impl for the trait `Debug`, but this is intentionally ignored during dead code analysis

warning: fields `host` and `port` are never read
   --> daily_study/rust_learning_week5_notes/Day31.rs:184:5
    |
183 | struct Config {
    |        ------ fields in this struct
184 |     host: String,
    |     ^^^^
185 |     port: u16,
    |     ^^^^
    |
    = note: `Config` has a derived impl for the trait `Debug`, but this is intentionally ignored during dead code analysis

warning: fields `id`, `name`, and `email` are never read
   --> daily_study/rust_learning_week5_notes/Day31.rs:199:5
    |
198 | struct User {
    |        ---- fields in this struct
199 |     id: u32,
    |     ^^
200 |     name: String,
    |     ^^^^
201 |     email: String,
    |     ^^^^^
    |
    = note: `User` has a derived impl for the trait `Debug`, but this is intentionally ignored during dead code analysis

warning: struct `Permissions` is never constructed
   --> daily_study/rust_learning_week5_notes/Day31.rs:205:8
    |
205 | struct Permissions {
    |        ^^^^^^^^^^^

warning: function `process_file` is never used
   --> daily_study/rust_learning_week5_notes/Day31.rs:210:4
    |
210 | fn process_file(path: &str) -> AnyhowResult<String> {
    |    ^^^^^^^^^^^^

warning: associated function `load_from_file` is never used
   --> daily_study/rust_learning_week5_notes/Day31.rs:255:12
    |
254 | impl Config {
    | ----------- associated function in this implementation
255 |     pub fn load_from_file(path: &str) -> Result<Self, ConfigError> {
    |            ^^^^^^^^^^^^^^

warning: function `check_user_permissions` is never used
   --> daily_study/rust_learning_week5_notes/Day31.rs:344:4
    |
344 | fn check_user_permissions(user: &User) -> Result<Permissions, WebError> {
    |    ^^^^^^^^^^^^^^^^^^^^^^

warning: function `generate_response` is never used
   --> daily_study/rust_learning_week5_notes/Day31.rs:351:4
    |
351 | fn generate_response(user: &User) -> Result<String, WebError> {
    |    ^^^^^^^^^^^^^^^^^

warning: `rust_learning_week5_error_handling` (example "day31_standalone" test) generated 11 warnings
warning: unused import: `super::*`
   --> tutorials/Mission9_tut/examples/step7_real_world_applications.rs:579:9
    |
579 |     use super::*;
    |         ^^^^^^^^
    |
    = note: `#[warn(unused_imports)]` on by default

   Compiling mission6_tut v0.1.0 (/home/runner/work/rust_study/rust_study/tutorials/Mission6_tut)
warning: `mission9_tut` (example "step7_real_world_applications" test) generated 1 warning (run `cargo fix --example "step7_real_world_applications" --tests` to apply 1 suggestion)
   Compiling brackets_basic v0.1.0 (/home/runner/work/rust_study/rust_study/advanced_examples/Brackets_Basic)
   Compiling mission7 v0.1.0 (/home/runner/work/rust_study/rust_study/missions/Mission7)
   Compiling mission8_tut v0.1.0 (/home/runner/work/rust_study/rust_study/tutorials/Mission8_tut)
   Compiling mission8 v0.1.0 (/home/runner/work/rust_study/rust_study/missions/Mission8)
   Compiling mission2 v0.1.0 (/home/runner/work/rust_study/rust_study/missions/Mission2)
warning: unused import: `super::*`
   --> tutorials/Mission5_tut/examples/eq_vs_partial_eq_demo.rs:109:9
    |
109 |     use super::*;
    |         ^^^^^^^^
    |
    = note: `#[warn(unused_imports)]` on by default

warning: `mission5_tut` (example "eq_vs_partial_eq_demo" test) generated 1 warning (run `cargo fix --example "eq_vs_partial_eq_demo" --tests` to apply 1 suggestion)
warning: unused variable: `large_capacity`
   --> tutorials/Mission5_tut/examples/hashset_bucket_management.rs:320:13
    |
320 |         let large_capacity = set.capacity();
    |             ^^^^^^^^^^^^^^ help: if this is intentional, prefix it with an underscore: `_large_capacity`
    |
    = note: `#[warn(unused_variables)]` on by default

warning: unused variable: `capacity_before_shrink`
   --> tutorials/Mission5_tut/examples/hashset_bucket_management.rs:330:13
    |
330 |         let capacity_before_shrink = set.capacity();
    |             ^^^^^^^^^^^^^^^^^^^^^^ help: if this is intentional, prefix it with an underscore: `_capacity_before_shrink`

warning: `mission5_tut` (example "hashset_bucket_management" test) generated 2 warnings
   Compiling mission6 v0.1.0 (/home/runner/work/rust_study/rust_study/missions/Mission6)
   Compiling aoc2015 v0.1.0 (/home/runner/work/rust_study/rust_study/advent_of_code/aoc2015)
   Compiling mission5 v0.1.0 (/home/runner/work/rust_study/rust_study/missions/Mission5)
warning: unused import: `super::*`
 --> advent_of_code/aoc2015/examples/day04_unit_test_examples.rs:8:9
  |
8 |     use super::*;
  |         ^^^^^^^^
  |
  = note: `#[warn(unused_imports)]` on by default

warning: `aoc2015` (example "day04_unit_test_examples" test) generated 1 warning (run `cargo fix --example "day04_unit_test_examples" --tests` to apply 1 suggestion)
warning: unused variable: `r2`
   --> advent_of_code/aoc2015/examples/day06_brightness_visualizer.rs:420:14
    |
420 |         let (r2, g2, b2) = brightness_to_rgb(50, 100); // Should be green-ish
    |              ^^ help: if this is intentional, prefix it with an underscore: `_r2`
    |
    = note: `#[warn(unused_variables)]` on by default

warning: unused variable: `b2`
   --> advent_of_code/aoc2015/examples/day06_brightness_visualizer.rs:420:22
    |
420 |         let (r2, g2, b2) = brightness_to_rgb(50, 100); // Should be green-ish
    |                      ^^ help: if this is intentional, prefix it with an underscore: `_b2`

warning: unused variable: `g3`
   --> advent_of_code/aoc2015/examples/day06_brightness_visualizer.rs:421:18
    |
421 |         let (r3, g3, b3) = brightness_to_rgb(90, 100); // Should be red-ish
    |                  ^^ help: if this is intentional, prefix it with an underscore: `_g3`

warning: unused variable: `b3`
   --> advent_of_code/aoc2015/examples/day06_brightness_visualizer.rs:421:22
    |
421 |         let (r3, g3, b3) = brightness_to_rgb(90, 100); // Should be red-ish
    |                      ^^ help: if this is intentional, prefix it with an underscore: `_b3`

warning: `aoc2015` (example "day06_brightness_visualizer" test) generated 4 warnings
   Compiling mission1 v0.1.0 (/home/runner/work/rust_study/rust_study/missions/Mission1)
   Compiling mission1_tut v0.1.0 (/home/runner/work/rust_study/rust_study/tutorials/Mission1_tut)
   Compiling mission3_tut v0.1.0 (/home/runner/work/rust_study/rust_study/tutorials/Mission3_tut)
   Compiling mission4_tut v0.1.0 (/home/runner/work/rust_study/rust_study/tutorials/Mission4_tut)
   Compiling method_syntax v0.1.0 (/home/runner/work/rust_study/rust_study/rust_book/Ch5/method_syntax)
    Finished `test` profile [unoptimized + debuginfo] target(s) in 20.74s
     Running unittests src/lib.rs (target/debug/deps/aoc2015-3d27daec1df31ae2)

running 119 tests
test solver::day03::tests::test_example_1 ... ok
test solver::day03::tests::test_example_2 ... ok
test solver::day03::tests::test_example_3 ... ok
test solver::day03::tests::test_part2_example_1 ... ok
test solver::day03::tests::test_part2_example_2 ... ok
test solver::day03::tests::test_part2_starting_house ... ok
test solver::day03::tests::test_part2_example_3 ... ok
test solver::day09::tests::test_generate_permutations ... ok
test solver::day03::tests::test_starting_house_counted ... ok
test solver::day09::tests::test_parse_input ... ok
test solver::day09::tests::test_parse_input_empty ... ok
test solver::day09::tests::test_parse_input_malformed_lines ... ok
test solver::day09::tests::test_solve_part1_example ... ok
test solver::day09::tests::test_solve_part2_example ... ok
test solver::day09::tests::test_solve_tsp_longest ... ok
test solver::day09::tests::test_solve_tsp_shortest ... ok
test solver::day09::tests::test_solve_tsp_single_city ... ok
test solver::day09::tests::test_solve_tsp_two_cities ... ok
test solver::day09::tests::test_solve_tsp_symmetric_distances ... ok
test solver::day10::tests::test_look_and_say_empty ... ok
test solver::day10::tests::test_look_and_say_examples ... ok
test solver::day10::tests::test_look_and_say_multiple_groups ... ok
test solver::day10::tests::test_look_and_say_single ... ok
test solver::day11::tests::test_example_failures ... ok
test solver::day11::tests::test_example_success ... ok
test solver::day11::tests::test_has_forbidden ... ok
test solver::day11::tests::test_has_straight ... ok
test solver::day11::tests::test_increment_basic ... ok
test solver::day11::tests::test_has_two_pairs ... ok
test solver::day11::tests::test_increment_wrap ... ok
test solver::day11::tests::test_no_forbidden ... ok
test solver::day11::tests::test_not_enough_pairs ... ok
test solver::day12::tests::test_array_in_object ... ok
test solver::day12::tests::test_deeply_nested_array ... ok
test solver::day12::tests::test_complex_nesting_with_red ... ok
test solver::day11::tests::test_no_straight ... ok
test solver::day12::tests::test_deeply_nested_structure ... ok
test solver::day12::tests::test_empty_array ... ok
test solver::day12::tests::test_empty_object ... ok
test solver::day12::tests::test_filter_object_with_red ... ok
test solver::day12::tests::test_filter_top_level_red_object ... ok
test solver::day12::tests::test_has_red_value_true ... ok
test solver::day12::tests::test_large_numbers ... ok
test solver::day12::tests::test_has_red_value_false ... ok
test solver::day12::tests::test_has_red_value_in_nested_structure ... ok
test solver::day12::tests::test_mixed_types ... ok
test solver::day12::tests::test_negative_numbers ... ok
test solver::day12::tests::test_multiple_red_objects ... ok
test solver::day12::tests::test_nested_object ... ok
test solver::day12::tests::test_nested_red_object ... ok
test solver::day12::tests::test_no_filtering_without_red ... ok
test solver::day12::tests::test_object_in_array ... ok
test solver::day12::tests::test_red_in_array_not_filtered ... ok
test solver::day12::tests::test_red_not_as_string ... ok
test solver::day12::tests::test_simple_object ... ok
test solver::day13::tests::test_add_neutral_person ... ok
test solver::day12::tests::test_simple_array ... ok
test solver::day13::tests::test_calculate_circular_happiness_three_people ... ok
test solver::day13::tests::test_add_neutral_person_to_example ... ok
test solver::day13::tests::test_calculate_circular_happiness_two_people ... ok
test solver::day13::tests::test_example_part2 ... ok
test solver::day13::tests::test_find_optimal_seating_empty ... ok
test solver::day13::tests::test_example_part1 ... ok
test solver::day13::tests::test_find_optimal_seating_single_person ... ok
test solver::day13::tests::test_generate_permutations_simple ... ok
test solver::day13::tests::test_find_optimal_seating_two_people ... ok
test solver::day13::tests::test_generate_permutations_three_people ... ok
test solver::day13::tests::test_happiness_graph_creation ... ok
test solver::day13::tests::test_find_optimal_seating_example_data ... ok
test solver::day13::tests::test_graph_completeness_check ... ok
test solver::day13::tests::test_parse_empty_input ... ok
test solver::day13::tests::test_parse_invalid_gain_lose ... ok
test solver::day13::tests::test_parse_invalid_number ... ok
test solver::day13::tests::test_parse_example_from_problem ... ok
test solver::day13::tests::test_parse_malformed_line ... ok
test solver::day13::tests::test_parse_single_gain_line ... ok
test solver::day13::tests::test_parse_multiple_lines ... ok
test solver::day13::tests::test_parse_single_lose_line ... ok
test solver::day13::tests::test_solve_part1_with_simple_input ... ok
test solver::day14::tests::test_calculate_distance_edge_cases ... ok
test solver::day13::tests::test_parse_with_empty_lines ... ok
test solver::day13::tests::test_solve_part2_adds_neutral_person ... ok
test solver::day14::tests::test_calculate_distance_example_from_problem ... ok
test solver::day14::tests::test_calculate_distance_simple_case ... ok
test solver::day14::tests::test_calculate_distance_zero_flight_time ... ok
test solver::day14::tests::test_calculate_distance_zero_speed ... ok
test solver::day14::tests::test_calculate_winning_distance_empty_list ... ok
test solver::day14::tests::test_calculate_winning_distance_multiple_reindeer ... ok
test solver::day14::tests::test_parse_empty_input ... ok
test solver::day14::tests::test_calculate_winning_distance_single_reindeer ... ok
test solver::day14::tests::test_calculate_winning_distance_example_from_problem ... ok
test solver::day14::tests::test_parse_example_from_problem ... ok
test solver::day14::tests::test_parse_invalid_flight_time ... ok
test solver::day14::tests::test_parse_invalid_number_format ... ok
test solver::day14::tests::test_parse_invalid_rest_time ... ok
test solver::day14::tests::test_parse_multiple_reindeer ... ok
test solver::day14::tests::test_parse_large_values ... ok
test solver::day14::tests::test_parse_malformed_lines_are_skipped ... ok
test solver::day14::tests::test_parse_single_reindeer ... ok
test solver::day14::tests::test_parse_with_whitespace_and_empty_lines ... ok
test solver::day14::tests::test_parse_zero_values ... ok
test solver::day14::tests::test_reindeer_struct_clone ... ok
test solver::day14::tests::test_reindeer_struct_equality ... ok
test solver::day14::tests::test_simulate_race_with_points_empty_list ... ok
test solver::day14::tests::test_simulate_race_with_points_lead_changes ... ok
test solver::day14::tests::test_part1_vs_part2_different_winners ... ok
test solver::day14::tests::test_simulate_race_with_points_simple_case ... ok
test solver::day14::tests::test_simulate_race_with_points_single_reindeer ... ok
test solver::day14::tests::test_simulate_race_with_points_stationary_reindeer ... ok
test solver::day14::tests::test_simulate_race_with_points_tie_scenario ... ok
test solver::day14::tests::test_simulate_race_with_points_zero_duration ... ok
test solver::day14::tests::test_solve_part1_empty_input ... ok
test solver::day14::tests::test_solve_part1_single_reindeer ... ok
test solver::day14::tests::test_solve_part1_malformed_input ... ok
test solver::day14::tests::test_solve_part1_with_example_input ... ok
test solver::day14::tests::test_solve_part2_empty_input ... ok
test solver::day14::tests::test_simulate_race_with_points_example_from_problem ... ok
test solver::day14::tests::test_solve_part2_single_reindeer ... ok
test solver::day14::tests::test_solve_part2_with_example_input ... ok

test result: ok. 119 passed; 0 failed; 0 ignored; 0 measured; 0 filtered out; finished in 0.01s

     Running unittests src/main.rs (target/debug/deps/aoc2015-9991bac6c4873a7e)

running 0 tests

test result: ok. 0 passed; 0 failed; 0 ignored; 0 measured; 0 filtered out; finished in 0.00s

     Running tests/day01_examples.rs (target/debug/deps/day01_examples-cf439266b35bdd49)

running 3 tests
test day01_no_basement ... ok
test day01_basement_examples ... ok
test day01_simple_examples ... ok

test result: ok. 3 passed; 0 failed; 0 ignored; 0 measured; 0 filtered out; finished in 0.00s

     Running tests/day05_examples.rs (target/debug/deps/day05_examples-a63f779fccf2a4f8)

running 3 tests
test day05_part2_detailed_tests ... ok
test day05_part2_example ... ok
test day05_part1_example ... ok

test result: ok. 3 passed; 0 failed; 0 ignored; 0 measured; 0 filtered out; finished in 0.01s

     Running tests/day06_examples.rs (target/debug/deps/day06_examples-604569665bb3d69c)

running 25 tests
test day06_tests::test_backwards_coordinates ... ok
test day06_tests::test_empty_input ... ok
test day06_tests::test_invalid_coordinates_should_not_panic ... ok
test day06_tests::test_line_of_lights ... ok
test day06_tests::test_all_lights ... ok
test day06_tests::test_complex_example ... ok
test day06_tests::test_multiline_input ... ok
test day06_tests::test_overlapping_regions ... ok
test day06_tests::test_parse_toggle_instruction ... ok
test day06_tests::test_parse_turn_off_instruction ... ok
test day06_tests::test_part2_brightness_never_negative ... ok
test day06_tests::test_parse_turn_on_instruction ... ok
test day06_tests::test_part2_sequential_brightness ... ok
test day06_tests::test_part2_toggle_increases_by_2 ... ok
test day06_tests::test_part2_turn_off_decreases_brightness ... ok
test day06_tests::test_part2_turn_on_increases_brightness ... ok
test day06_tests::test_large_operations ... ok
test day06_tests::test_rectangular_region_turn_on ... ok
test day06_tests::test_sequential_operations ... ok
test day06_tests::test_single_coordinate_range ... ok
test day06_tests::test_single_light_toggle_from_off ... ok
test day06_tests::test_single_light_turn_off ... ok
test day06_tests::test_part2_example_from_problem ... ok
test day06_tests::test_single_light_turn_on ... ok
test day06_tests::test_toggle_operations ... ok

test result: ok. 25 passed; 0 failed; 0 ignored; 0 measured; 0 filtered out; finished in 0.20s

     Running tests/day06_parser_tests.rs (target/debug/deps/day06_parser_tests-024869f2ac95e772)

running 7 tests
test test_brightness_parser_integration ... ok
test test_parse_invalid_command ... ok
test test_parse_light_command_toggle ... ok
test test_parse_light_command_turn_off ... ok
test test_parse_light_command_turn_on ... ok
test test_parser_with_grid_integration ... ok
test test_parse_real_aoc_examples ... ok

test result: ok. 7 passed; 0 failed; 0 ignored; 0 measured; 0 filtered out; finished in 0.00s

     Running tests/day07_tests.rs (target/debug/deps/day07_tests-afc6a11f7230484f)

running 36 tests
test bitwise_operation_tests::test_16_bit_lshift_operation ... ok
test bitwise_operation_tests::test_16_bit_not_operation ... ok
test bitwise_operation_tests::test_16_bit_and_operation ... ok
test bitwise_operation_tests::test_16_bit_or_operation ... ok
test bitwise_operation_tests::test_16_bit_overflow_behavior ... ok
test bitwise_operation_tests::test_16_bit_rshift_operation ... ok
test circuit_creation_tests::circuit_new_should_create_empty_circuit ... ok
test circuit_creation_tests::circuit_should_allow_multiple_instances ... ok
test circuit_evaluation_tests::circuit_should_evaluate_and_operation ... ok
test circuit_evaluation_tests::circuit_should_evaluate_not_operation ... ok
test circuit_evaluation_tests::circuit_should_evaluate_simple_assignment ... ok
test circuit_evaluation_tests::circuit_should_evaluate_wire_copying ... ok
test circuit_evaluation_tests::circuit_should_handle_complex_dependencies ... ok
test circuit_evaluation_tests::circuit_should_use_memoization ... ok
test error_handling_tests::circuit_should_error_on_undefined_wire ... ok
test error_handling_tests::parse_instruction_should_error_on_invalid_syntax ... ok
test error_handling_tests::parse_wire_input_should_error_on_empty_string ... ok
test instruction_tests::instruction_should_handle_complex_operations ... ok
test instruction_tests::instruction_should_store_operation_and_output_wire ... ok
test operation_tests::operation_and_should_store_two_inputs ... ok
test operation_tests::operation_assign_should_store_single_input ... ok
test operation_tests::operation_lshift_should_store_input_and_amount ... ok
test operation_tests::operation_not_should_store_single_input ... ok
test operation_tests::operation_rshift_should_handle_wire_shift_amount ... ok
test parsing_integration_tests::parse_instruction_should_handle_and_operation ... ok
test parsing_integration_tests::parse_instruction_should_handle_direct_assignment ... ok
test parsing_integration_tests::parse_instruction_should_handle_lshift_operation ... ok
test parsing_integration_tests::parse_instruction_should_handle_not_operation ... ok
test parsing_integration_tests::parse_instruction_should_handle_wire_assignment ... ok
test parsing_integration_tests::parse_wire_input_should_handle_numeric_values ... ok
test parsing_integration_tests::parse_wire_input_should_handle_wire_names ... ok
test performance_tests::circuit_should_handle_large_dependency_chains ... ok
test wire_input_tests::wire_input_equality_should_work_correctly ... ok
test wire_input_tests::wire_input_direct_should_store_numeric_value ... ok
test wire_input_tests::wire_input_wire_should_store_wire_name ... ok
test wire_input_tests::wire_input_should_support_16_bit_range ... ok

test result: ok. 36 passed; 0 failed; 0 ignored; 0 measured; 0 filtered out; finished in 0.00s

     Running tests/day08_tests.rs (target/debug/deps/day08_tests-cd2426328f4b659a)

running 18 tests
test test_part1_empty_input ... ok
test test_part1_escaped_backslash ... ok
test test_part1_empty_string ... ok
test test_part1_escaped_quote ... ok
test test_part1_example_from_problem ... ok
test test_part1_hex_escape ... ok
test test_part1_multiple_escapes ... ok
test test_part1_multiple_hex_escapes ... ok
test test_part1_multiple_lines ... ok
test test_part1_simple_string ... ok
test test_part1_whitespace_handling ... ok
test test_part2_empty_string ... ok
test test_part2_escaped_backslash ... ok
test test_part2_escaped_quote ... ok
test test_part2_example_from_problem ... ok
test test_part2_hex_escape ... ok
test test_part2_multiple_lines ... ok
test test_part2_simple_string ... ok

test result: ok. 18 passed; 0 failed; 0 ignored; 0 measured; 0 filtered out; finished in 0.00s

     Running tests/day11_test.rs (target/debug/deps/day11_test-dd075b3ec0537801)

running 21 tests
test test_edge_case_all_z ... ok
test test_edge_case_single_pair ... ok
test test_edge_case_three_in_row ... ok
test test_example_successes ... ok
test test_example_failures ... ok
test test_has_forbidden_i ... ok
test test_has_forbidden_l ... ok
test test_has_forbidden_o ... ok
test test_has_straight_basic ... ok
test test_has_straight_embedded ... ok
test test_has_two_pairs_basic ... ok
test test_has_two_pairs_embedded ... ok
test test_has_two_pairs_non_overlapping ... ok
test test_increment_simple ... ok
test test_increment_wrap_multiple ... ok
test test_increment_wrap_single ... ok
test test_no_forbidden_chars_valid ... ok
test test_no_straight ... ok
test test_not_enough_pairs ... ok
test test_find_next_password_example2 ... ok
test test_find_next_password_example1 ... ok

test result: ok. 21 passed; 0 failed; 0 ignored; 0 measured; 0 filtered out; finished in 0.02s

     Running tests/day_template.rs (target/debug/deps/day_template-b5a863101e2e74d7)

running 1 test
test dayNN_example ... ok

test result: ok. 1 passed; 0 failed; 0 ignored; 0 measured; 0 filtered out; finished in 0.00s

     Running tests/integration.rs (target/debug/deps/integration-382343019c4f725f)

running 1 test
test day01_example_works ... ok

test result: ok. 1 passed; 0 failed; 0 ignored; 0 measured; 0 filtered out; finished in 0.00s

     Running benches/day10_comparison.rs (target/debug/deps/day10_comparison-6e2f7850a30e9eba)
Gnuplot not found, using plotters backend
Testing day10_part2_50_iterations/iterative/50_cycles
Success
Testing day10_part2_50_iterations/memoized/50_cycles
Success

Testing day10_scalability/iterative/10
Success
Testing day10_scalability/memoized/10
Success
Testing day10_scalability/iterative/20
Success
Testing day10_scalability/memoized/20
Success
Testing day10_scalability/iterative/30
Success
Testing day10_scalability/memoized/30
Success
Testing day10_scalability/iterative/40
Success
Testing day10_scalability/memoized/40
Success
Testing day10_scalability/iterative/50
Success
Testing day10_scalability/memoized/50
Success

     Running unittests examples/Day14_examples.rs (target/debug/examples/Day14_examples-5079917df83fa7f4)

running 0 tests

test result: ok. 0 passed; 0 failed; 0 ignored; 0 measured; 0 filtered out; finished in 0.00s

     Running unittests examples/Day14_state_machine.rs (target/debug/examples/Day14_state_machine-f32c3e9711246813)

running 3 tests
test tests::test_state_transitions ... ok
test tests::test_example_race ... ok
test tests::test_actual_aoc_input_2503_seconds ... ok

test result: ok. 3 passed; 0 failed; 0 ignored; 0 measured; 0 filtered out; finished in 0.00s

     Running unittests examples/Day14_tables_only.rs (target/debug/examples/Day14_tables_only-8d74b8660ac33492)

running 0 tests

test result: ok. 0 passed; 0 failed; 0 ignored; 0 measured; 0 filtered out; finished in 0.00s

     Running unittests examples/day02alt.rs (target/debug/examples/day02alt-fcabc740322483e5)

running 5 tests
test tests::test_multiple_lines ... ok
test tests::test_parse_dimensions ... ok
test tests::test_parse_dimensions_invalid ... ok
test tests::test_ribbon_calculation ... ok
test tests::test_wrapping_paper_calculation ... ok

test result: ok. 5 passed; 0 failed; 0 ignored; 0 measured; 0 filtered out; finished in 0.00s

     Running unittests examples/day04_unit_test_examples.rs (target/debug/examples/day04_unit_test_examples-5e14b80b1be5317d)

running 11 tests
test day04_tests::test_example_case_abcdef_slow ... ignored
test day04_tests::test_example_case_pqrstuv_slow ... ignored
test day04_tests::test_counter_increment_logic ... ok
test day04_tests::test_find_hash_small_search ... ok
test day04_tests::test_hash_formatting_properties ... ok
test day04_tests::test_hash_prefix_detection ... ok
test day04_tests::test_edge_cases ... ok
test day04_tests::test_helper_function ... ok
test day04_tests::test_input_parsing ... ok
test day04_tests::test_md5_hash_generation ... ok
test day04_tests::test_reasonable_search_boundary ... ok

test result: ok. 9 passed; 0 failed; 2 ignored; 0 measured; 0 filtered out; finished in 0.00s

     Running unittests examples/day06_brightness_visualizer.rs (target/debug/examples/day06_brightness_visualizer-efe26d2d22a93fe8)

running 2 tests
test tests::test_brightness_to_rgb_mapping ... ok
test tests::test_demo_brightness_pattern ... ok

test result: ok. 2 passed; 0 failed; 0 ignored; 0 measured; 0 filtered out; finished in 0.06s

     Running unittests examples/day06_hashmap.rs (target/debug/examples/day06_hashmap-ae5fd67d21807cc5)

running 5 tests
test tests::test_hashmap_part1_basic_operations ... ok
test tests::test_hashmap_part2_brightness_operations ... ok
test tests::test_hashmap_part1_rectangular_region ... ok
test tests::test_hashmap_sparse_efficiency ... ok
test tests::test_hashmap_solve_functions ... ok

test result: ok. 5 passed; 0 failed; 0 ignored; 0 measured; 0 filtered out; finished in 1.83s

     Running unittests examples/day06_parser_demo.rs (target/debug/examples/day06_parser_demo-030294b667427aab)

running 0 tests

test result: ok. 0 passed; 0 failed; 0 ignored; 0 measured; 0 filtered out; finished in 0.00s

     Running unittests examples/day06_verification.rs (target/debug/examples/day06_verification-a3f21bd4513ede6b)

running 0 tests

test result: ok. 0 passed; 0 failed; 0 ignored; 0 measured; 0 filtered out; finished in 0.00s

     Running unittests examples/day06_visualizer.rs (target/debug/examples/day06_visualizer-b0bcdaaa9b12e74a)

running 2 tests
test tests::test_bitmap_creation ... ok
test tests::test_demo_pattern_visualization ... ok

test result: ok. 2 passed; 0 failed; 0 ignored; 0 measured; 0 filtered out; finished in 0.04s

     Running unittests examples/day08_example.rs (target/debug/examples/day08_example-65d22b1041fe58a0)

running 6 tests
test tests::test_basic_character_counting ... ok
test tests::test_edge_cases ... ok
test tests::test_batch_processing ... ok
test tests::test_hex_escapes ... ok
test tests::test_escape_sequences ... ok
test tests::test_processing_stats ... ok

test result: ok. 6 passed; 0 failed; 0 ignored; 0 measured; 0 filtered out; finished in 0.00s

     Running unittests examples/day08_string_handling_demo.rs (target/debug/examples/day08_string_handling_demo-be94b3ff1398767c)

running 0 tests

test result: ok. 0 passed; 0 failed; 0 ignored; 0 measured; 0 filtered out; finished in 0.00s

     Running unittests examples/day10_with_memo.rs (target/debug/examples/day10_with_memo-a8cbea3bb79f5bad)

running 2 tests
test tests::test_look_and_say_memo ... ok
test tests::test_memoization_benefit ... ok

test result: ok. 2 passed; 0 failed; 0 ignored; 0 measured; 0 filtered out; finished in 0.00s

     Running unittests examples/day13_actual_analysis.rs (target/debug/examples/day13_actual_analysis-36eed9a60e57604b)

running 0 tests

test result: ok. 0 passed; 0 failed; 0 ignored; 0 measured; 0 filtered out; finished in 0.00s

     Running unittests examples/day13_complete_analysis.rs (target/debug/examples/day13_complete_analysis-4ee0779050043d3c)

running 0 tests

test result: ok. 0 passed; 0 failed; 0 ignored; 0 measured; 0 filtered out; finished in 0.00s

     Running unittests examples/day13_graph_analysis.rs (target/debug/examples/day13_graph_analysis-038a60f2ef5b5b69)

running 0 tests

test result: ok. 0 passed; 0 failed; 0 ignored; 0 measured; 0 filtered out; finished in 0.00s

     Running unittests examples/day13_optimization_verification.rs (target/debug/examples/day13_optimization_verification-a9f4bb0596759b44)

running 0 tests

test result: ok. 0 passed; 0 failed; 0 ignored; 0 measured; 0 filtered out; finished in 0.00s

     Running unittests examples/day13_optimized_solver.rs (target/debug/examples/day13_optimized_solver-cf4eea15782f3126)

running 0 tests

test result: ok. 0 passed; 0 failed; 0 ignored; 0 measured; 0 filtered out; finished in 0.00s

     Running unittests examples/day13_seating_visualization.rs (target/debug/examples/day13_seating_visualization-ee4921208b1c884e)

running 0 tests

test result: ok. 0 passed; 0 failed; 0 ignored; 0 measured; 0 filtered out; finished in 0.00s

     Running unittests examples/md5_analysis.rs (target/debug/examples/md5_analysis-9c175ffe2a7128ca)

running 0 tests

test result: ok. 0 passed; 0 failed; 0 ignored; 0 measured; 0 filtered out; finished in 0.00s

     Running unittests examples/optimized_brute_force.rs (target/debug/examples/optimized_brute_force-87b5e96b98e82685)

running 0 tests

test result: ok. 0 passed; 0 failed; 0 ignored; 0 measured; 0 filtered out; finished in 0.00s

     Running unittests src/lib.rs (target/debug/deps/aoc_pattern_recognition-e055d02dad684ba8)

running 0 tests

test result: ok. 0 passed; 0 failed; 0 ignored; 0 measured; 0 filtered out; finished in 0.00s

     Running tests/pattern_recognition_tests.rs (target/debug/deps/pattern_recognition_tests-ebef91beecbfff2f)

running 20 tests
test pattern_recognition_tests::test_coordinate_parsing_pattern ... ok
test pattern_recognition_tests::test_cycle_detection ... ok
test pattern_recognition_tests::test_aoc_style_integration ... ok
test pattern_recognition_tests::test_dynamic_programming ... ok
test pattern_recognition_tests::test_flood_fill_pattern ... ok
test pattern_recognition_tests::test_instruction_parsing_pattern ... ok
test pattern_recognition_tests::test_grid_pattern_recognition ... ok
test pattern_recognition_tests::test_memoization_cache ... ok
test pattern_recognition_tests::test_key_value_parsing_pattern ... ok
test pattern_recognition_tests::test_parse_utils ... ok
test pattern_recognition_tests::test_parsing_pattern_recognition ... ok
test pattern_recognition_tests::test_pattern_quiz ... ok
test pattern_recognition_tests::test_pattern_trainer_basic ... ok
test pattern_recognition_tests::test_performance_complexity ... ok
test pattern_recognition_tests::test_set_operations ... ok
test pattern_recognition_tests::test_sliding_window ... ok
test pattern_recognition_tests::test_shortest_path_pattern ... ok
test pattern_recognition_tests::test_state_pattern_recognition ... ok
test pattern_recognition_tests::test_state_tracker ... ok
test pattern_recognition_tests::test_number_extraction_pattern ... ok

test result: ok. 20 passed; 0 failed; 0 ignored; 0 measured; 0 filtered out; finished in 0.00s

     Running unittests examples/simple_demo.rs (target/debug/examples/aoc_pattern_simple_demo-fca4b026b5f36b83)

running 1 test
test tests::test_demo_functionality ... ok

test result: ok. 1 passed; 0 failed; 0 ignored; 0 measured; 0 filtered out; finished in 0.00s

     Running unittests examples/grid_patterns_demo.rs (target/debug/examples/grid_patterns_demo-eaaf22c23f1f1e2d)

running 1 test
test tests::test_grid_demo_examples ... ok

test result: ok. 1 passed; 0 failed; 0 ignored; 0 measured; 0 filtered out; finished in 0.00s

     Running unittests examples/parsing_patterns_demo.rs (target/debug/examples/parsing_patterns_demo-db22108461ba135d)

running 2 tests
test tests::test_pattern_recognition ... ok
test tests::test_parsing_demo_examples ... ok

test result: ok. 2 passed; 0 failed; 0 ignored; 0 measured; 0 filtered out; finished in 0.00s

     Running unittests examples/pattern_trainer_demo.rs (target/debug/examples/pattern_trainer_demo-1a76ba54d0b7d7c4)

running 5 tests
test tests::test_pattern_quiz_creation ... ok
test tests::test_pattern_trainer_creation ... ok
test tests::test_training_difficulty_time_limits ... ok
test tests::test_training_exercise_structure ... ok
test tests::test_benchmark_creation ... ok

test result: ok. 5 passed; 0 failed; 0 ignored; 0 measured; 0 filtered out; finished in 0.04s

     Running unittests examples/real_aoc_solutions.rs (target/debug/examples/real_aoc_solutions-96edd89fec831e78)

running 3 tests
test tests::test_fish_simulation ... ok
test tests::test_unique_window_detection ... ok
test tests::test_chiton_pathfinding ... ok

test result: ok. 3 passed; 0 failed; 0 ignored; 0 measured; 0 filtered out; finished in 0.00s

     Running unittests examples/state_patterns_demo.rs (target/debug/examples/state_patterns_demo-7175f5dce4c69ff4)

running 4 tests
test tests::test_cycle_detection ... ok
test tests::test_dynamic_programming ... ok
test tests::test_memoization ... ok
test tests::test_sliding_window ... ok

test result: ok. 4 passed; 0 failed; 0 ignored; 0 measured; 0 filtered out; finished in 0.00s

     Running unittests src/lib.rs (target/debug/deps/brackets_basic-06e4f32b43c3397d)

running 0 tests

test result: ok. 0 passed; 0 failed; 0 ignored; 0 measured; 0 filtered out; finished in 0.00s

     Running tests/brackets_checker_test.rs (target/debug/deps/brackets_checker_test-6fdedcb611bda2d9)

running 2 tests
test small_dataset_matches_expected ... ok
test large_dataset_matches_expected ... ok

test result: ok. 2 passed; 0 failed; 0 ignored; 0 measured; 0 filtered out; finished in 0.01s

     Running tests/utf8_test.rs (target/debug/deps/utf8_test-8c67e070056d9f4f)

running 0 tests

test result: ok. 0 passed; 0 failed; 0 ignored; 0 measured; 0 filtered out; finished in 0.00s

     Running unittests examples/advanced_demo.rs (target/debug/examples/advanced_demo-3061b51a0d7cd228)

running 0 tests

test result: ok. 0 passed; 0 failed; 0 ignored; 0 measured; 0 filtered out; finished in 0.00s

     Running unittests examples/algorithm_analysis.rs (target/debug/examples/algorithm_analysis-4a222edeb89fbfbf)

running 0 tests

test result: ok. 0 passed; 0 failed; 0 ignored; 0 measured; 0 filtered out; finished in 0.00s

     Running unittests examples/simple_demo.rs (target/debug/examples/brackets_simple_demo-fdf0be303d73883f)

running 0 tests

test result: ok. 0 passed; 0 failed; 0 ignored; 0 measured; 0 filtered out; finished in 0.00s

     Running unittests examples/documentation_example.rs (target/debug/examples/documentation_example-aabaaf16e1b09986)

running 0 tests

test result: ok. 0 passed; 0 failed; 0 ignored; 0 measured; 0 filtered out; finished in 0.00s

     Running unittests examples/documentation_standards.rs (target/debug/examples/documentation_standards-51944d8e79d9b80e)

running 0 tests

test result: ok. 0 passed; 0 failed; 0 ignored; 0 measured; 0 filtered out; finished in 0.00s

     Running unittests examples/test_documentation_standards.rs (target/debug/examples/test_documentation_standards-479e79eb07aea798)

running 13 tests
test edge_case_tests::empty_and_whitespace_only_strings ... ok
test edge_case_tests::unicode_characters_should_be_ignored ... ok
test edge_case_tests::extremely_deep_nesting_should_work ... ok
test test_documentation_examples::empty_string_should_be_valid ... ok
test test_documentation_examples::integration_test_validates_realistic_code_snippets ... ok
test test_documentation_examples::mismatched_brackets_should_report_expected_and_found_characters ... ok
test test_documentation_examples::nested_brackets_should_be_valid_when_properly_ordered ... ok
test test_documentation_examples::non_bracket_characters_should_be_completely_ignored ... ok
test test_documentation_examples::simple_bracket_pairs_should_be_valid ... ok
test test_documentation_examples::unclosed_brackets_should_report_position_of_first_unclosed ... ok
test test_documentation_examples::unexpected_closing_bracket_should_return_error_with_correct_position ... ok
test performance_tests::large_invalid_sequence_should_fail_fast ... ok
test performance_tests::large_valid_sequence_should_complete_quickly ... ok

test result: ok. 13 passed; 0 failed; 0 ignored; 0 measured; 0 filtered out; finished in 0.00s

     Running unittests src/lib.rs (target/debug/deps/brackets_extended-288a6959def07513)

running 0 tests

test result: ok. 0 passed; 0 failed; 0 ignored; 0 measured; 0 filtered out; finished in 0.00s

     Running tests/brackets_checker_test.rs (target/debug/deps/brackets_checker_test-7bf016e78e771898)

running 2 tests
test small_dataset_matches_expected ... ok
test large_dataset_matches_expected ... ok

test result: ok. 2 passed; 0 failed; 0 ignored; 0 measured; 0 filtered out; finished in 0.01s

     Running tests/brackets_extended_tests.rs (target/debug/deps/brackets_extended_tests-345e78ebf83cdfd0)

running 5 tests
test iterator_api_char_positions ... ok
test iterator_api_indexed_preserves_byte_indices ... ok
test req7_configurable_alphabet_with_angles ... ok
test req8_collect_all_errors ... ok
test req9_unclosed_policy_latest_vs_earliest ... ok

test result: ok. 5 passed; 0 failed; 0 ignored; 0 measured; 0 filtered out; finished in 0.00s

     Running tests/brackets_requirements_test.rs (target/debug/deps/brackets_requirements_test-fd22d37909b628b5)

running 7 tests
test req1_scope_ignores_non_brackets ... ok
test req2_correctness_detects_incorrect_nesting ... ok
test req2_correctness_proper_nesting ... ok
test req3_mismatched_pair_details ... ok
test req3_unclosed_reports_top_of_stack ... ok
test req3_unexpected_closing_earliest ... ok
test req4_smoke_big_input ... ok

test result: ok. 7 passed; 0 failed; 0 ignored; 0 measured; 0 filtered out; finished in 0.05s

     Running tests/brackets_unit_test.rs (target/debug/deps/brackets_unit_test-59580a1c05b48dfc)

running 6 tests
test unit_empty_and_noise_only ... ok
test unit_mismatched_pair ... ok
test unit_simple_pairs_and_nesting ... ok
test unit_unclosed_topmost_is_reported ... ok
test unit_unexpected_closing ... ok
test unit_utf8_indices ... ok

test result: ok. 6 passed; 0 failed; 0 ignored; 0 measured; 0 filtered out; finished in 0.00s

     Running unittests examples/extended_features_demo.rs (target/debug/examples/extended_features_demo-9824e087583965f3)

running 3 tests
test demo_tests::test_custom_alphabet_works ... ok
test demo_tests::test_error_collection_comprehensive ... ok
test demo_tests::test_unclosed_policy_difference ... ok

test result: ok. 3 passed; 0 failed; 0 ignored; 0 measured; 0 filtered out; finished in 0.00s

     Running unittests src/main.rs (target/debug/deps/ownership_basics-446c80ccb9e5f7cc)

running 0 tests

test result: ok. 0 passed; 0 failed; 0 ignored; 0 measured; 0 filtered out; finished in 0.00s

     Running unittests src/main.rs (target/debug/deps/ch4_references-42190dabd14ae04f)

running 7 tests
test tests::test_calculate_length ... ok
test tests::test_change_string ... ok
test tests::test_counter_methods ... ok
test tests::test_get_first_word ... ok
test tests::test_longest ... ok
test tests::test_double_slice ... ok
test tests::test_sum_slice ... ok

test result: ok. 7 passed; 0 failed; 0 ignored; 0 measured; 0 filtered out; finished in 0.00s

     Running unittests src/main.rs (target/debug/deps/ch8_exercises-08690f28b310a98a)

running 0 tests

test result: ok. 0 passed; 0 failed; 0 ignored; 0 measured; 0 filtered out; finished in 0.00s

     Running unittests src/main.rs (target/debug/deps/ch8_hashmaps-2c908a5ffef7e231)

running 0 tests

test result: ok. 0 passed; 0 failed; 0 ignored; 0 measured; 0 filtered out; finished in 0.00s

     Running unittests src/main.rs (target/debug/deps/ch8_strings-258dc5fa300422a2)

running 0 tests

test result: ok. 0 passed; 0 failed; 0 ignored; 0 measured; 0 filtered out; finished in 0.00s

     Running unittests src/main.rs (target/debug/deps/ch8_vectors-b36ef66df99c6fd1)

running 0 tests

test result: ok. 0 passed; 0 failed; 0 ignored; 0 measured; 0 filtered out; finished in 0.00s

     Running unittests src/main.rs (target/debug/deps/minigrep_args-32f0ffc6b0fad728)

running 0 tests

test result: ok. 0 passed; 0 failed; 0 ignored; 0 measured; 0 filtered out; finished in 0.00s

     Running unittests src/main.rs (target/debug/deps/minigrep_env-f4da5a63e8b7b636)

running 2 tests
test tests::case_insensitive ... ok
test tests::case_sensitive ... ok

test result: ok. 2 passed; 0 failed; 0 ignored; 0 measured; 0 filtered out; finished in 0.00s

     Running unittests src/main.rs (target/debug/deps/minigrep_files-847b9e05aad212bd)

running 0 tests

test result: ok. 0 passed; 0 failed; 0 ignored; 0 measured; 0 filtered out; finished in 0.00s

     Running unittests src/lib.rs (target/debug/deps/chapter12_refactoring-690de6cb507ba732)

running 5 tests
test tests::case_insensitive ... ok
test tests::case_sensitive ... ok
test tests::config_creation_failure ... ok
test tests::config_creation_success ... ok
test tests::multiple_search_results ... ok

test result: ok. 5 passed; 0 failed; 0 ignored; 0 measured; 0 filtered out; finished in 0.00s

     Running unittests src/main.rs (target/debug/deps/minigrep_refactor-96d3696d0981728a)

running 0 tests

test result: ok. 0 passed; 0 failed; 0 ignored; 0 measured; 0 filtered out; finished in 0.00s

     Running unittests src/main.rs (target/debug/deps/minigrep_test-8b8ef4eaf20ec4e6)

running 6 tests
test tests::case_insensitive ... ok
test tests::case_sensitive ... ok
test tests::empty_content ... ok
test tests::empty_query ... ok
test tests::multiple_matches ... ok
test tests::no_matches ... ok

test result: ok. 6 passed; 0 failed; 0 ignored; 0 measured; 0 filtered out; finished in 0.00s

     Running unittests src/lib.rs (target/debug/deps/competitive_linked_tree-807a0940670896fe)

running 15 tests
test diameter::tests::req_b1_b3_bfs_correctness ... ok
test diameter::tests::req_b2_dynamic_queue_growth ... ok
test diameter::tests::req_d1_d5_line_graph_diameter ... ok
test diameter::tests::req_d1_d5_star_graph_diameter ... ok
test diameter::tests::req_d2_d3_path_reconstruction ... ok
test diameter::tests::req_d4_edge_cases ... ok
test diameter::tests::tree_center_finding ... ok
test tree::tests::req_all_line_graph ... ok
test tree::tests::req_all_star_graph ... ok
test tree::tests::req_t1_t2_edge_construction ... ok
test tree::tests::req_t1_t3_tree_creation ... ok
test tree::tests::req_t3_empty_tree ... ok
test tree::tests::req_t3_single_node ... ok
test tree::tests::req_t4_invalid_tree_rejection ... ok
test diameter::tests::req_b5_large_tree_performance ... ok

test result: ok. 15 passed; 0 failed; 0 ignored; 0 measured; 0 filtered out; finished in 0.00s

     Running unittests src/main.rs (target/debug/deps/competitive_linked_tree-e7ddeac5f83049b9)

running 0 tests

test result: ok. 0 passed; 0 failed; 0 ignored; 0 measured; 0 filtered out; finished in 0.00s

     Running tests/integration_test.rs (target/debug/deps/integration_test-7bdc2df5875f4740)

running 10 tests
test test_binary_tree_from_file ... ok
test test_diameter_path_properties ... ok
test test_edge_cases ... ok
test test_different_tree_shapes_queue_behavior ... ok
test test_line_graph_from_file ... ok
test test_tree_center_properties ... ok
test test_tree_construction_validation ... ok
test test_linkedqueue_dynamic_growth ... ok
test test_star_graph_from_file ... ok
test test_two_pass_bfs_algorithm ... ok

test result: ok. 10 passed; 0 failed; 0 ignored; 0 measured; 0 filtered out; finished in 0.00s

     Running benches/tree_diameter_bench.rs (target/debug/deps/tree_diameter_bench-6936ae83fe4cdade)
Gnuplot not found, using plotters backend
Testing tree_creation_100
Success

Testing diameter_line_graph_100
Success

Testing diameter_star_graph_100
Success

Testing diameter_binary_tree_127
Success

Testing diameter_large_tree_1000
Success

     Running unittests examples/tree_diameter_demo.rs (target/debug/examples/tree_diameter_demo-e664ceb7398744b8)

running 0 tests

test result: ok. 0 passed; 0 failed; 0 ignored; 0 measured; 0 filtered out; finished in 0.00s

     Running unittests src/lib.rs (target/debug/deps/competitive_ring_bfs-8320e43430667068)

running 13 tests
test maze::tests::req_b2_boundary_neighbors ... ok
test maze::tests::req_b2_neighbor_generation ... ok
test maze::tests::req_b3_max_queue_size_calculation ... ok
test maze::tests::req_g1_g2_grid_parsing ... ok
test maze::tests::req_g1_position_creation ... ok
test maze::tests::req_g3_cell_traversability ... ok
test maze::tests::req_g4_invalid_grid_rejected ... ok
test solver::tests::req_b1_p4_no_path_case ... ok
test solver::tests::req_b1_b5_simple_path_finding ... ok
test solver::tests::req_b3_queue_capacity_calculation ... ok
test solver::tests::req_p2_p3_path_reconstruction ... ok
test solver::tests::req_b2_path_around_obstacles ... ok
test solver::tests::req_b5_optimal_path_guarantee ... ok

test result: ok. 13 passed; 0 failed; 0 ignored; 0 measured; 0 filtered out; finished in 0.00s

     Running unittests src/main.rs (target/debug/deps/competitive_ring_bfs-c127cf84b142dcbb)

running 0 tests

test result: ok. 0 passed; 0 failed; 0 ignored; 0 measured; 0 filtered out; finished in 0.00s

     Running tests/integration_test.rs (target/debug/deps/integration_test-c02898093db7cc28)

running 8 tests
test test_maze_format_validation ... ok
test test_no_solution_maze_from_file ... ok
test test_optimal_path_guarantee ... ok
test test_medium_maze_from_file ... ok
test test_path_reconstruction_accuracy ... ok
test test_queue_capacity_analysis ... ok
test test_small_maze_from_file ... ok
test test_ringbuffer_capacity_efficiency ... ok

test result: ok. 8 passed; 0 failed; 0 ignored; 0 measured; 0 filtered out; finished in 0.00s

     Running unittests examples/maze_solver_demo.rs (target/debug/examples/maze_solver_demo-deeb0caf72c1632a)

running 0 tests

test result: ok. 0 passed; 0 failed; 0 ignored; 0 measured; 0 filtered out; finished in 0.00s

     Running unittests src/main.rs (target/debug/deps/control_flow-de372155c25880df)

running 0 tests

test result: ok. 0 passed; 0 failed; 0 ignored; 0 measured; 0 filtered out; finished in 0.00s

     Running unittests src/lib.rs (target/debug/deps/crates-a40e767299a10a3c)

running 3 tests
test tests::test_calculator ... ok
test tests::test_math_factorial ... ok
test tests::test_math_is_prime ... ok

test result: ok. 3 passed; 0 failed; 0 ignored; 0 measured; 0 filtered out; finished in 0.00s

     Running unittests src/binary_example.rs (target/debug/deps/binary_example-e84f171d8c4f2d43)

running 0 tests

test result: ok. 0 passed; 0 failed; 0 ignored; 0 measured; 0 filtered out; finished in 0.00s

     Running unittests src/library_example.rs (target/debug/deps/library_example-03c794ab54fff57b)

running 0 tests

test result: ok. 0 passed; 0 failed; 0 ignored; 0 measured; 0 filtered out; finished in 0.00s

     Running unittests src/main.rs (target/debug/deps/data_types-c2df3d43f3ebd990)

running 0 tests

test result: ok. 0 passed; 0 failed; 0 ignored; 0 measured; 0 filtered out; finished in 0.00s

     Running unittests src/main.rs (target/debug/deps/defining_enums-800e19b3f052e994)

running 0 tests

test result: ok. 0 passed; 0 failed; 0 ignored; 0 measured; 0 filtered out; finished in 0.00s

     Running unittests src/main.rs (target/debug/deps/error_handling_exercises-e2e0f76d5bbe090a)

running 5 tests
test tests::test_calculator_errors ... ok
test tests::test_error_propagation ... ok
test tests::test_retry_pattern ... ok
test tests::test_option_chaining ... ok
test tests::test_safe_divide ... ok

test result: ok. 5 passed; 0 failed; 0 ignored; 0 measured; 0 filtered out; finished in 0.00s

     Running unittests src/main.rs (target/debug/deps/error_messages_demo-ab98a622e0f908b8)

running 5 tests
test tests::test_case_insensitive_search ... ok
test tests::test_case_sensitive_search ... ok
test tests::test_config_creation_success ... ok
test tests::test_config_new_error_messages ... ok
test tests::test_search_functionality ... ok

test result: ok. 5 passed; 0 failed; 0 ignored; 0 measured; 0 filtered out; finished in 0.00s

     Running unittests src/main.rs (target/debug/deps/error_propagation-1b7f063d480ab678)

running 3 tests
test tests::test_custom_error_conversion ... ok
test tests::test_question_mark_with_option ... ok
test tests::test_question_mark_with_result ... ok

test result: ok. 3 passed; 0 failed; 0 ignored; 0 measured; 0 filtered out; finished in 0.00s

     Running unittests src/main.rs (target/debug/deps/functions-adcaf70fef12e11a)

running 0 tests

test result: ok. 0 passed; 0 failed; 0 ignored; 0 measured; 0 filtered out; finished in 0.00s

     Running unittests src/main.rs (target/debug/deps/generics-eeeab25ea3b3723e)

running 0 tests

test result: ok. 0 passed; 0 failed; 0 ignored; 0 measured; 0 filtered out; finished in 0.00s

     Running unittests src/main.rs (target/debug/deps/guessing_game-41c48f380ed16299)

running 0 tests

test result: ok. 0 passed; 0 failed; 0 ignored; 0 measured; 0 filtered out; finished in 0.00s

     Running unittests src/main.rs (target/debug/deps/hello_cargo-a105e5684dd98757)

running 0 tests

test result: ok. 0 passed; 0 failed; 0 ignored; 0 measured; 0 filtered out; finished in 0.00s

     Running unittests src/main.rs (target/debug/deps/if_let-3b8d637c6468506e)

running 0 tests

test result: ok. 0 passed; 0 failed; 0 ignored; 0 measured; 0 filtered out; finished in 0.00s

     Running unittests src/main.rs (target/debug/deps/lifetimes-3f7f3e4adcc5da64)

running 0 tests

test result: ok. 0 passed; 0 failed; 0 ignored; 0 measured; 0 filtered out; finished in 0.00s

     Running unittests src/main.rs (target/debug/deps/match_operator-04085d53e6ea3847)

running 0 tests

test result: ok. 0 passed; 0 failed; 0 ignored; 0 measured; 0 filtered out; finished in 0.00s

     Running unittests src/main.rs (target/debug/deps/method_syntax-cc087fed8d34af77)

running 0 tests

test result: ok. 0 passed; 0 failed; 0 ignored; 0 measured; 0 filtered out; finished in 0.00s

     Running unittests examples/memory_address_demo.rs (target/debug/examples/memory_address_demo-ab845c9bfaf459de)

running 0 tests

test result: ok. 0 passed; 0 failed; 0 ignored; 0 measured; 0 filtered out; finished in 0.00s

     Running unittests examples/virtual_memory_explained.rs (target/debug/examples/virtual_memory_explained-5872416eac369f10)

running 0 tests

test result: ok. 0 passed; 0 failed; 0 ignored; 0 measured; 0 filtered out; finished in 0.00s

     Running unittests src/lib.rs (target/debug/deps/minigrep-e0c7b784bd34d1e3)

running 15 tests
test tests::test_case_insensitive_all_lowercase ... ok
test tests::test_case_insensitive_all_uppercase ... ok
test tests::test_case_insensitive_mixed_case ... ok
test tests::test_case_insensitive_single_match ... ok
test tests::test_config_new_missing_query ... ok
test tests::test_config_new_missing_filename ... ok
test tests::test_config_new_valid ... ok
test tests::test_search_empty_contents ... ok
test tests::test_search_empty_query ... ok
test tests::test_search_multiword_query ... ok
test tests::test_search_multiple_matches ... FAILED
test tests::test_search_no_matches ... ok
test tests::test_search_returns_line_numbers ... ok
test tests::test_search_single_match ... ok
test tests::test_search_special_characters ... ok

failures:

---- tests::test_search_multiple_matches stdout ----

thread 'tests::test_search_multiple_matches' panicked at rust_book/Ch12/minigrep/src/lib.rs:194:9:
assertion `left == right` failed
  left: 2
 right: 0
note: run with `RUST_BACKTRACE=1` environment variable to display a backtrace


failures:
    tests::test_search_multiple_matches

test result: FAILED. 14 passed; 1 failed; 0 ignored; 0 measured; 0 filtered out; finished in 0.00s

error: test failed, to rerun pass `-p minigrep --lib`
